     1                                  ; hello-os
     2                                  ; TAB=4
     3                                  
     4                                  ; 以下は標準的な FAT12 フォーマットフロッピーディスクのための記述
     5                                  
     6 00000000 EB4E90                      DB        0xeb, 0x4e, 0x90
     7 00000003 48454C4C4F49504C            DB        "HELLOIPL"        ; ブートセクタの名前を自由に書いて良い(8バイト)
     8 0000000B 0002                        DW        512               ; 1セクタの大きさ(512にしなければならない)
     9 0000000D 01                          DB        1                 ; クラスタの大きさ
    10 0000000E 0100                        DW        1                 ; FAT がどこから始まるか
    11 00000010 02                          DB        2                 ; FAT の個数
    12 00000011 E000                        DW        224               ; ルートディレクトリ領域の大きさ
    13 00000013 E808                        DW        2280              ; このドライブの大きさ
    14 00000015 F0                          DB        0xf0              ; メディアのタイプ
    15 00000016 0900                        DW        9                 ; FAT 領域の長さ
    16 00000018 1200                        DW        18                ; 1トラックにいくつのセクタがあるか
    17 0000001A 0200                        DW        2                 ; ヘッドの数
    18 0000001C 00000000                    DD        0                 ; パーティションを使ってないのでここは必ず0
    19 00000020 400B0000                    DD        2880              ; このドライブの大きさをもう一度
    20 00000024 000029                      DB        0,0,0x29          ; よくわからないけどこの値にしておくといいらしい
    21 00000027 FFFFFFFF                    DD        0xffffffff        ; 多分ボリュームシリアル番号
    22 0000002B 48454C4C4F2D4F5320-         DB        "HELLO-OS   "     ; ディスクの名前(11バイト)
    23 00000034 2020               
    24 00000036 4641543132202020            DB        "FAT12   "        ; フォーマットの名前
    25 0000003E <res 00000012>              RESB      18                ; とりあえず18バイトあけておく
    26          ******************       warning: uninitialized space declared in .text section: zeroing
    27                                  
    28                                  ; プログラム本体
    29                                  
    30 00000050 B800008ED0BC007C            DB        0xb8, 0x00, 0x00, 0x8e, 0xd0, 0xbc, 0x00, 0x7c
    31 00000058 8ED88EC0BE747C8A            DB        0x8e, 0xd8, 0x8e, 0xc0, 0xbe, 0x74, 0x7c, 0x8a
    32 00000060 0483C6013C007409            DB        0x04, 0x83, 0xc6, 0x01, 0x3c, 0x00, 0x74, 0x09
    33 00000068 B40EBB0F00CD10EB            DB        0xb4, 0x0e, 0xbb, 0x0f, 0x00, 0xcd, 0x10, 0xeb
    34 00000070 EEF4EBFD                    DB        0xee, 0xf4, 0xeb, 0xfd
    35                                  
    36                                  ; メッセージ部分
    37                                  
    38 00000074 0A0A                        DB        0x0a, 0x0a        ; 改行を2つ
    39 00000076 68656C6C6F2C20776F-         DB        "hello, world"
    40 0000007F 726C64             
    41 00000082 0A                          DB        0x0a              ; 改行
    42 00000083 00                          DB        0
    43                                  
    44 00000084 <res 0000017A>              RESB      0x1fe-($-$$)      ; 0x001fe までを 0x00 で埋める命令
    45          ******************       warning: uninitialized space declared in .text section: zeroing
    46                                  
    47 000001FE 55AA                        DB        0x55, 0xaa
    48                                  
    49                                  ; 以下はブートセクタ以外の部分の記述
    50                                  
    51 00000200 F0FFFF0000000000            DB        0xf0, 0xff, 0xff, 0x00, 0x00, 0x00, 0x00, 0x00
    52 00000208 <res 000011F8>              RESB      4600
    53          ******************       warning: uninitialized space declared in .text section: zeroing
    54 00001400 F0FFFF0000000000            DB        0xf0, 0xff, 0xff, 0x00, 0x00, 0x00, 0x00, 0x00
    55 00001408 <res 00166BF8>              RESB      1469432
    56          ******************       warning: uninitialized space declared in .text section: zeroing
