     1                                  ; haribote-ipl
     2                                  ; TAB=4
     3                                  
     4                                  CYLS  EQU    10                 ; どこまで読み込むか
     5                                  
     6                                      ORG       0x7c00            ; このプログラムがどこに読み込まれるのか
     7                                  
     8                                  ; 以下は標準的な FAT12 フォーマットフロッピーディスクのための記述
     9                                  
    10 00000000 EB4E                        JMP       SHORT entry
    11 00000002 90                          DB        0x90
    12 00000003 48415249424F5445            DB        "HARIBOTE"        ; ブートセクタの名前を自由に書いて良い(8バイト)
    13 0000000B 0002                        DW        512               ; 1セクタの大きさ(512にしなければならない)
    14 0000000D 01                          DB        1                 ; クラスタの大きさ
    15 0000000E 0100                        DW        1                 ; FAT がどこから始まるか
    16 00000010 02                          DB        2                 ; FAT の個数
    17 00000011 E000                        DW        224               ; ルートディレクトリ領域の大きさ
    18 00000013 400B                        DW        2880              ; このドライブの大きさ
    19 00000015 F0                          DB        0xf0              ; メディアのタイプ
    20 00000016 0900                        DW        9                 ; FAT 領域の長さ
    21 00000018 1200                        DW        18                ; 1トラックにいくつのセクタがあるか
    22 0000001A 0200                        DW        2                 ; ヘッドの数
    23 0000001C 00000000                    DD        0                 ; パーティションを使ってないのでここは必ず0
    24 00000020 400B0000                    DD        2880              ; このドライブの大きさをもう一度
    25 00000024 000029                      DB        0,0,0x29          ; よくわからないけどこの値にしておくといいらしい
    26 00000027 FFFFFFFF                    DD        0xffffffff        ; 多分ボリュームシリアル番号
    27 0000002B 48415249424F54454F-         DB        "HARIBOTEOS "     ; ディスクの名前(11バイト)
    28 00000034 5320               
    29 00000036 4641543132202020            DB        "FAT12   "        ; フォーマットの名前
    30 0000003E <res 00000012>              RESB      18                ; とりあえず18バイトあけておく
    31          ******************       warning: uninitialized space declared in .text section: zeroing
    32                                  
    33                                  ; プログラム本体
    34                                  
    35                                  entry:
    36 00000050 B80000                      MOV       AX,0              ; レジスタ初期化
    37 00000053 8ED0                        MOV       SS,AX
    38 00000055 BC007C                      MOV       SP,0x7c00
    39 00000058 8ED8                        MOV       DS,AX
    40                                  
    41                                  ; ディスクを読み込む
    42                                  
    43 0000005A B82008                      MOV       AX,0x0820
    44 0000005D 8EC0                        MOV       ES,AX
    45 0000005F B500                        MOV       CH,0              ; シリンダ0
    46 00000061 B600                        MOV       DH,0              ; ヘッド0
    47 00000063 B102                        MOV       CL,2              ; セクタ2
    48                                  readloop:
    49 00000065 BE0000                      MOV       SI,0              ; 失敗回数を数えるレジスタ
    50                                  retry:
    51 00000068 B402                        MOV       AH,0x02           ; AX-0x02 : ディスク読み込み
    52 0000006A B001                        MOV       AL,1              ; 1セクタ
    53 0000006C BB0000                      MOV       BX,0
    54 0000006F B200                        MOV       DL,0x00           ; A ドライブ
    55 00000071 CD13                        INT       0x13              ; ディスク BIOS 呼び出し
    56 00000073 7310                        JNC       next               ; エラーが起きなければ next へ
    57 00000075 83C601                      ADD       SI,1              ; SI に1を足す
    58 00000078 83FE05                      CMP       SI,5              ; SI を5と比較
    59 0000007B 7332                        JAE       error             ; SI >= 5 だったら error he
    60 0000007D B400                        MOV       AH,0x00
    61 0000007F B200                        MOV       DL,0x00           ; A ドライブ
    62 00000081 CD13                        INT       0x13              ; ドライブのリセット
    63 00000083 EBE3                        JMP       retry
    64                                  next:
    65 00000085 8CC0                        MOV       AX,ES             ; アドレスを 0x200 進める
    66 00000087 83C020                      ADD       AX,0x0020
    67 0000008A 8EC0                        MOV       ES,AX             ; ADD ES,0x20 という命令がないのでこうしている
    68 0000008C 80C101                      ADD       CL,1              ; CL に1足す
    69 0000008F 80F912                      CMP       CL,18             ; CL と18を比較
    70 00000092 76D1                        JBE       readloop          ; CL <= 18 だったら readloop へ
    71 00000094 B101                        MOV       CL,1
    72 00000096 80C601                      ADD       DH,1
    73 00000099 80FE02                      CMP       DH,2
    74 0000009C 72C7                        JB        readloop          ; DH < 2 だったら readloop へ
    75 0000009E B600                        MOV       DH,0
    76 000000A0 80C501                      ADD       CH,1
    77 000000A3 80FD0A                      CMP       CH,CYLS
    78 000000A6 72BD                        JB        readloop          ; CH < CYLS だったら readloop へ
    79                                  
    80                                  ; 読み終わったので haribote.sys を実行だ！
    81                                  
    82 000000A8 882EF00F                    MOV      [0x0ff0],CH        ; IPL がどこまで読んだのかをメモ
    83 000000AC E9(00C2)                    JMP       0xc200
    84                                  
    85                                  error:
    86 000000AF B80000                      MOV       AX,0
    87 000000B2 8EC0                        MOV       ES,AX
    88 000000B4 BE[CC00]                    MOV       SI,msg
    89                                  putloop:
    90 000000B7 8A04                        MOV       AL,[SI]
    91 000000B9 83C601                      ADD       SI,1              ; SI に1を足す
    92 000000BC 3C00                        CMP       AL,0
    93 000000BE 7409                        JE        fin
    94 000000C0 B40E                        MOV       AH,0x0e           ; 1文字表示ファンクション
    95 000000C2 BB0F00                      MOV       BX,15             ; カラーコード
    96 000000C5 CD10                        INT       0x10              ; ビデオ BIOS 呼び出し
    97 000000C7 EBEE                        JMP       putloop
    98                                  fin:
    99 000000C9 F4                          HLT                         ; 何かあるまで CPU を停止させる
   100 000000CA EBFD                        JMP       fin               ; 無限ループ
   101                                  msg:
   102 000000CC 0A0A                        DB        0x0a, 0x0a        ; 改行を2つ
   103 000000CE 6C6F6164206572726F-         DB        "load error"
   104 000000D7 72                 
   105 000000D8 0A                          DB        0x0a              ; 改行
   106 000000D9 00                          DB        0
   107                                  
   108                                      ;エラー発生
   109                                      ;RESB      0x7dfe-($-$$)      ; 0x7dfe までを 0x00 で埋める命令
   110                                      ;RESB      0x7dfe-0x7c00-($-$$)    ; 現在の場所から 0x1dfd まで(残りの未使用領域)を0で埋める
   111 000000DA <res 00000124>          	RESB	0x1fe-($-$$)
   112          ******************       warning: uninitialized space declared in .text section: zeroing
   113                                  
   114 000001FE 55AA                        DB        0x55, 0xaa
